2025-02-28 15:22:02,604 - Phát hiện Cốc Cốc: browser.exe → Đóng ngay!
2025-02-28 15:22:03,030 - Phát hiện Cốc Cốc: browser.exe → Đóng ngay!
2025-02-28 15:22:03,091 - Phát hiện Cốc Cốc: browser.exe → Đóng ngay!
2025-02-28 15:22:03,128 - Phát hiện Cốc Cốc: browser.exe → Đóng ngay!
2025-02-28 15:22:03,129 - Phát hiện Cốc Cốc: browser.exe → Đóng ngay!
2025-02-28 15:22:03,172 - Phát hiện Cốc Cốc: browser.exe → Đóng ngay!
2025-02-28 15:22:03,185 - Phát hiện Cốc Cốc: browser.exe → Đóng ngay!
2025-02-28 15:22:03,236 - Phát hiện Cốc Cốc: browser.exe → Đóng ngay!
2025-02-28 15:22:03,237 - Phát hiện Cốc Cốc: browser.exe → Đóng ngay!
2025-02-28 15:22:03,256 - Phát hiện Cốc Cốc: browser.exe → Đóng ngay!
2025-02-28 15:22:03,256 - Phát hiện Cốc Cốc: browser.exe → Đóng ngay!
2025-02-28 15:22:03,262 - Phát hiện Cốc Cốc: browser.exe → Đóng ngay!
2025-02-28 15:22:03,275 - Phát hiện Cốc Cốc: browser.exe → Đóng ngay!
2025-02-28 15:22:03,290 - Phát hiện Cốc Cốc: browser.exe → Đóng ngay!
2025-02-28 15:22:03,292 - Phát hiện Cốc Cốc: browser.exe → Đóng ngay!
2025-02-28 15:22:03,358 - Đã đóng ứng dụng: Discord.exe
2025-02-28 15:22:03,358 - Đã đóng ứng dụng: Discord.exe
2025-02-28 15:22:03,359 - Đã đóng ứng dụng: Discord.exe
2025-02-28 15:22:03,359 - Đã đóng ứng dụng: Discord.exe
2025-02-28 15:22:03,360 - Đã đóng ứng dụng: Discord.exe
2025-02-28 15:22:03,360 - Đã đóng ứng dụng: Discord.exe
2025-02-28 15:22:11,148 - Ghi log URL mới: github.com
2025-02-28 15:22:13,690 - Ghi log URL mới: google.com/search?q=google&rlz=1c1gceb_envn1087vn1087&oq=goo&gs_lcrp=egzjahjvbwuqeagaeaaygwey4wiysqmygaqyeagaeaaygwey4wiysqmygaqybggbeeuypditcaiqlhidarjharixaxjraxiabdilcamqabg4geyy_weydqgeeaaygweysqmygaqybggfeeuyozigcayqrrhbmgyibxbfgehsaqc2njlqmgo0qaiasaia&sourceid=chrome&ie=utf-8
2025-02-28 15:22:58,459 - Ghi log URL mới: mediu
2025-02-28 15:23:09,928 - Ghi log URL mới: medium.com
2025-02-28 15:34:02,267 - Cập nhật danh sách chặn thành công.
2025-02-28 15:34:02,279 - Cập nhật danh sách chặn thành công.
2025-02-28 15:34:02,311 - Phát hiện trình duyệt bị cấm: browser.exe → Đóng ngay!
2025-02-28 15:34:02,361 - Phát hiện trình duyệt bị cấm: browser.exe → Đóng ngay!
2025-02-28 15:34:02,460 - Phát hiện trình duyệt bị cấm: browser.exe → Đóng ngay!
2025-02-28 15:34:02,615 - Phát hiện trình duyệt bị cấm: browser.exe → Đóng ngay!
2025-02-28 15:34:02,832 - Phát hiện trình duyệt bị cấm: browser.exe → Đóng ngay!
2025-02-28 15:34:02,924 - Phát hiện trình duyệt bị cấm: browser.exe → Đóng ngay!
2025-02-28 15:34:02,970 - Phát hiện trình duyệt bị cấm: browser.exe → Đóng ngay!
2025-02-28 15:34:02,986 - Phát hiện trình duyệt bị cấm: browser.exe → Đóng ngay!
2025-02-28 15:34:03,049 - Phát hiện trình duyệt bị cấm: browser.exe → Đóng ngay!
2025-02-28 15:34:03,049 - Phát hiện trình duyệt bị cấm: browser.exe → Đóng ngay!
2025-02-28 15:34:03,064 - Phát hiện trình duyệt bị cấm: browser.exe → Đóng ngay!
2025-02-28 15:34:03,142 - Phát hiện trình duyệt bị cấm: browser.exe → Đóng ngay!
2025-02-28 15:34:03,158 - Phát hiện trình duyệt bị cấm: browser.exe → Đóng ngay!
2025-02-28 15:34:03,190 - Phát hiện trình duyệt bị cấm: browser.exe → Đóng ngay!
2025-02-28 15:34:03,205 - Phát hiện trình duyệt bị cấm: browser.exe → Đóng ngay!
2025-02-28 15:34:03,221 - Phát hiện trình duyệt bị cấm: browser.exe → Đóng ngay!
2025-02-28 15:34:03,257 - Phát hiện trình duyệt bị cấm: browser.exe → Đóng ngay!
2025-02-28 15:34:03,257 - Phát hiện trình duyệt bị cấm: browser.exe → Đóng ngay!
2025-02-28 15:34:03,257 - Phát hiện trình duyệt bị cấm: browser.exe → Đóng ngay!
2025-02-28 15:34:03,257 - Phát hiện trình duyệt bị cấm: browser.exe → Đóng ngay!
2025-02-28 15:34:03,273 - Phát hiện trình duyệt bị cấm: browser.exe → Đóng ngay!
2025-02-28 15:34:03,273 - Phát hiện trình duyệt bị cấm: browser.exe → Đóng ngay!
2025-02-28 15:34:03,288 - Phát hiện trình duyệt bị cấm: browser.exe → Đóng ngay!
2025-02-28 15:34:03,288 - Phát hiện trình duyệt bị cấm: browser.exe → Đóng ngay!
2025-02-28 15:34:03,288 - Phát hiện trình duyệt bị cấm: browser.exe → Đóng ngay!
2025-02-28 15:34:03,288 - Phát hiện trình duyệt bị cấm: browser.exe → Đóng ngay!
2025-02-28 15:34:03,288 - Phát hiện trình duyệt bị cấm: browser.exe → Đóng ngay!
2025-02-28 15:34:03,288 - Phát hiện trình duyệt bị cấm: browser.exe → Đóng ngay!
2025-02-28 15:34:03,304 - Phát hiện trình duyệt bị cấm: browser.exe → Đóng ngay!
2025-02-28 15:34:03,304 - Phát hiện trình duyệt bị cấm: browser.exe → Đóng ngay!
2025-02-28 15:34:05,334 - Phát hiện trình duyệt bị cấm: browser.exe → Đóng ngay!
2025-02-28 15:34:05,334 - Phát hiện trình duyệt bị cấm: browser.exe → Đóng ngay!
2025-02-28 15:34:05,334 - Phát hiện trình duyệt bị cấm: browser.exe → Đóng ngay!
2025-02-28 15:34:05,334 - Phát hiện trình duyệt bị cấm: browser.exe → Đóng ngay!
2025-02-28 15:34:13,438 - Cập nhật danh sách chặn thành công.
2025-02-28 15:34:16,323 - Ghi log URL mới: localhost:5023
2025-02-28 15:34:24,395 - Cập nhật danh sách chặn thành công.
2025-02-28 15:34:33,019 - Ghi log URL mới: play.google.com/store/apps/details?id=com.google.android.googlequicksearchbox&hl=vi
2025-02-28 15:34:35,027 - Cập nhật danh sách chặn thành công.
2025-02-28 15:34:45,474 - Cập nhật danh sách chặn thành công.
2025-02-28 15:34:51,757 - Ghi log URL mới: 127.0.0.1:5173/profession/spec
2025-02-28 15:34:55,829 - Cập nhật danh sách chặn thành công.
2025-02-28 15:35:06,028 - Cập nhật danh sách chặn thành công.
2025-02-28 15:35:12,152 - Cập nhật danh sách chặn thành công.
2025-02-28 15:35:12,152 - Cập nhật danh sách chặn thành công.
2025-02-28 15:35:15,912 - Ghi log URL mới: facebook.com
2025-02-28 15:35:15,912 - Phát hiện trang cấm: facebook.com → Đóng tab & chuyển hướng!
2025-02-28 15:35:16,542 - Đã đóng tab có hwnd: 2167148
2025-02-28 15:35:17,926 - Đã mở trang chuyển hướng: https://www.youtube.com/watch?v=wa8D6KwQ3C8
2025-02-28 15:35:19,151 - Ghi log URL mới: ww.youtube.com/watch?v=ưa8d6kwq3c8
2025-02-28 15:35:21,406 - Cập nhật danh sách chặn thành công.
2025-02-28 15:35:27,998 - Cập nhật danh sách chặn thành công.
2025-02-28 15:35:33,867 - Cập nhật danh sách chặn thành công.
2025-02-28 15:35:34,151 - Ghi log URL mới: yo
2025-02-28 15:35:35,487 - Ghi log URL mới: youtube
2025-02-28 15:35:36,879 - Ghi log URL mới: google.com/search?q=youtube&rlz=1c1gceb_envn1087vn1087&oq=you&gs_lcrp=egzjahjvbwuqeagaeaaygwey4wiysqmygaqyeagaeaaygwey4wiysqmygaqydqgbec4ygweysqmygaqydwgceeuyoridarixaxiabdincamqabidarixaxiabdincaqqabidarixaxiabdincauqabidarixaxiabdigcayqrrhbmgyibxbfgdzsaqgzntqzajbqn6gcclacafeftfs90o2iid3xbu30vdknoihd&sourceid=chrome&ie=utf-8
2025-02-28 15:35:40,697 - Cập nhật danh sách chặn thành công.
2025-02-28 15:35:49,082 - Cập nhật danh sách chặn thành công.
2025-02-28 15:35:56,794 - Cập nhật danh sách chặn thành công.
2025-02-28 15:36:01,861 - Cập nhật danh sách chặn thành công.
2025-02-28 15:36:09,039 - Cập nhật danh sách chặn thành công.
2025-02-28 15:36:09,048 - Cập nhật danh sách chặn thành công.
2025-02-28 15:36:11,375 - Phát hiện trang cấm: facebook.com → Đóng tab & chuyển hướng!
2025-02-28 15:36:11,993 - Đã đóng tab có hwnd: 2167148
2025-02-28 15:36:13,338 - Đã mở trang chuyển hướng: https://medium.com/
2025-02-28 15:36:18,529 - Cập nhật danh sách chặn thành công.
2025-02-28 15:36:23,855 - Ghi log URL mới: go.isclix.com/deep_link/v2/322/5451184884396157910?url=https%3a%2f%2fshopee.vn%2f
2025-02-28 15:36:24,898 - Cập nhật danh sách chặn thành công.
2025-02-28 15:36:25,246 - Ghi log URL mới: shopee.vn/?uls_trackid=523p3q5k02rv&utm_campaign=-&utm_content=491862-fsorciz67yrxots3wmwp0qmgi2co2tn6aodaef1740731782-accesstrade--&utm_medium=affiliates&utm_source=an_17104620000&utm_term=cn2856rnkzq5
2025-02-28 15:36:26,747 - Ghi log URL mới: google.com/search?q=google&rlz=1c1gceb_envn1087vn1087&oq=goo&gs_lcrp=egzjahjvbwuqfqgaeaayqxidarjjahixaxiabbikbtivcaaqabhdgimbgomcgledgiaegiofmgyiarbfgdwygagcec4yqxidarjharixaxjraxiabbikbtilcamqabg4geyy_weydqgeeaaygweysqmygaqyeggfeaayqxidarixaxiabbikbtiscayqabhdgimbgledgiaegiofmgyibxbfgehsaqc3mdnqmgo0qaiasaib&sourceid=chrome&ie=utf-8
2025-02-28 15:36:29,472 - Ghi log URL mới: google.com/search?q=hacker&sca_esv=3d270dcc4f030842&rlz=1c1gceb_envn1087vn1087&ei=ixxbz7k6aog5vr0p5q3f8am&ved=0ahukewjyosmd--wlaxwbnk8bhebwfz4q4dudcba&uact=5&oq=hacker&gs_lp=egxnd3mtd2l6lxnlcnaibmhhy2tlcjineaaygaqysqmyqxikbtiqeaaygaqysqmyqxidarikbtiieaaygaqysqmyfhaugiaegledgnedgemygweyxweyiguychaagiaegemyiguycxaagiaegledgimbmgoqabiabbhdgiofmhaqlhiabbjraxhdgmcbgiofmg0qlhiabbhdgnqcgiofmgsqabiabbixaxidauibblaawosecab4azabajgbwqab0qoqaqe2uaedyaea-aebmaigoakdbmicbraagiaewgioeaaygaqysqmygweyigxcagoqlhiabbhdgiofmamakgcbnqahpzm&sclient=gws-wiz-serp
2025-02-28 15:36:31,915 - Cập nhật danh sách chặn thành công.
2025-02-28 15:36:35,152 - Ghi log URL mới: google.com/search?q=virus&sca_esv=3d270dcc4f030842&rlz=1c1gceb_envn1087vn1087&ei=i3xbz9wfncbg1e8pyoxpiqk&ved=0ahukewivkfae--wlaxvgy_uhhcrcm5eq4dudcba&uact=5&oq=virus&gs_lp=egxnd3mtd2l6lxnlcnaibxzpcnvzmgoqabiabbhdgiofmhaqabiabbixaxhdgimbgiofmg0qabiabbixaxhdgiofmgoqabiabbhdgiofmguqabiabdilec4ygaqysqmygweycbaagiaegledmggqlhiabbixazifec4ygaqybraugiaesnwuuaby2brwc3gbkaedmag2aaabogaqaqm4ljg4aqpiaqd4aqgyahggassfwgileaaygaqysqmygwhcag4qabiabbixaxidarikbcicdhaugiaegledgnedgmcbwgikec4ygaqyqxikbcicbxaagiaegarcag0qlhiabbixaxidargkwgikeaaygaqysqmycsicchaugiaegledgarcagcqlhiabbgkmamakgcemtyumaaht2c&sclient=gws-wiz-serp
2025-02-28 15:36:39,042 - Cập nhật danh sách chặn thành công.
2025-02-28 15:36:42,307 - Ghi log URL mới: google.com/search?q=virus+page+fake&sca_esv=3d270dcc4f030842&rlz=1c1gceb_envn1087vn1087&ei=khxbz9vofszc1e8p7_bj-aq&ved=0ahukewjb8iih--wlaxvmbvuhhw_7ge8q4dudcba&uact=5&oq=virus+page+fake&gs_lp=egxnd3mtd2l6lxnlcnaid3zpcnvzihbhz2ugzmfrzuilflc2avjifxabeacqaqcyacwboagvb6obbtkumc4xuaedyaea-aebmaijoaknb8iccxaugiaegledgimbwgiiec4ygaqysqpcaguqlhiabmicbraagiaewgiaec4ygaqysqmygweylwuy3aqy3gqy3wtyaqhcagoqabiabbjhaxgnwgigeaaydrgewgiheaaygaqye8iccbaagbmyfhgewgikeaayexgwgaoyhsicbhaagbyyhsiccbaagagydrgemamaiaybugygcaeqargukgcfoc4wljggb7hq&sclient=gws-wiz-serp
2025-02-28 15:36:45,517 - Ghi log URL mới: avast.com/c-fake-virus-alert
2025-02-28 15:36:46,533 - Cập nhật danh sách chặn thành công.
2025-02-28 15:36:53,636 - Cập nhật danh sách chặn thành công.
2025-02-28 15:37:01,886 - Cập nhật danh sách chặn thành công.
2025-02-28 15:37:07,788 - Cập nhật danh sách chặn thành công.
2025-02-28 15:37:12,893 - Cập nhật danh sách chặn thành công.
2025-02-28 15:37:17,971 - Cập nhật danh sách chặn thành công.
2025-02-28 15:37:23,007 - Cập nhật danh sách chặn thành công.
2025-02-28 15:37:28,077 - Cập nhật danh sách chặn thành công.
2025-02-28 15:37:33,157 - Cập nhật danh sách chặn thành công.
2025-02-28 15:37:38,226 - Cập nhật danh sách chặn thành công.
2025-02-28 15:37:43,282 - Cập nhật danh sách chặn thành công.
2025-02-28 15:37:48,357 - Cập nhật danh sách chặn thành công.
2025-02-28 15:37:55,661 - Cập nhật danh sách chặn thành công.
2025-02-28 15:37:55,661 - Cập nhật danh sách chặn thành công.
2025-02-28 15:37:59,691 - Ghi log URL mới: play.google.com/store/apps/details?id=com.google.android.googlequicksearchbox&hl=vi
2025-02-28 15:38:02,091 - Cập nhật danh sách chặn thành công.
2025-02-28 15:38:05,146 - Ghi log URL mới: pi
2025-02-28 15:38:06,480 - Ghi log URL mới: google.com/search?q=pinterest&rlz=1c1gceb_envn1087vn1087&oq=pin&gs_lcrp=egzjahjvbwuqdwgaeeuyoxidarixaxiabdipcaaqrrg7gimbgledgiaemg8iarbfgdkygweysqmygaqyeggceaayqxidarixaxiabbikbtincamqabidarixaxiabdincaqqabidarixaxiabdincauqabidarixaxiabdihcayqabiabdigcacqbrha0geimtq3mwowajeoagiwaghxbxb6h7g4-3a0&sourceid=chrome&ie=utf-8
2025-02-28 15:38:08,901 - Cập nhật danh sách chặn thành công.
2025-02-28 15:38:14,818 - Cập nhật danh sách chặn thành công.
2025-02-28 15:38:15,196 - Ghi log URL mới: pinterest.com
2025-02-28 15:38:20,865 - Cập nhật danh sách chặn thành công.
2025-02-28 15:38:25,979 - Cập nhật danh sách chặn thành công.
2025-02-28 15:38:31,203 - Cập nhật danh sách chặn thành công.
2025-02-28 15:38:34,616 - Phát hiện trang cấm: pinterest.com → Đóng tab & chuyển hướng!
2025-02-28 15:38:35,238 - Đã đóng tab có hwnd: 2167148
2025-02-28 15:38:36,592 - Đã mở trang chuyển hướng: https://medium.com/
2025-02-28 15:38:38,005 - Ghi log URL mới: medium.com
2025-02-28 15:38:39,044 - Cập nhật danh sách chặn thành công.
2025-02-28 15:38:46,006 - Cập nhật danh sách chặn thành công.
2025-02-28 15:47:21,217 - Cập nhật danh sách chặn thành công.
2025-02-28 15:47:21,233 - Cập nhật danh sách chặn thành công.
2025-02-28 15:47:21,438 - Phát hiện trình duyệt bị cấm: browser.exe → Đóng ngay!
2025-02-28 15:47:21,472 - Phát hiện trình duyệt bị cấm: browser.exe → Đóng ngay!
2025-02-28 15:47:21,755 - Phát hiện trình duyệt bị cấm: browser.exe → Đóng ngay!
2025-02-28 15:47:21,834 - Phát hiện trình duyệt bị cấm: browser.exe → Đóng ngay!
2025-02-28 15:47:21,835 - Phát hiện trình duyệt bị cấm: browser.exe → Đóng ngay!
2025-02-28 15:47:21,850 - Phát hiện trình duyệt bị cấm: browser.exe → Đóng ngay!
2025-02-28 15:47:21,869 - Phát hiện trình duyệt bị cấm: browser.exe → Đóng ngay!
2025-02-28 15:47:21,928 - Phát hiện trình duyệt bị cấm: browser.exe → Đóng ngay!
2025-02-28 15:47:21,959 - Phát hiện trình duyệt bị cấm: browser.exe → Đóng ngay!
2025-02-28 15:47:21,967 - Phát hiện trình duyệt bị cấm: browser.exe → Đóng ngay!
2025-02-28 15:47:21,986 - Phát hiện trình duyệt bị cấm: browser.exe → Đóng ngay!
2025-02-28 15:47:21,986 - Phát hiện trình duyệt bị cấm: browser.exe → Đóng ngay!
2025-02-28 15:47:21,986 - Phát hiện trình duyệt bị cấm: browser.exe → Đóng ngay!
2025-02-28 15:47:22,005 - Phát hiện trình duyệt bị cấm: browser.exe → Đóng ngay!
2025-02-28 15:47:22,034 - Phát hiện trình duyệt bị cấm: browser.exe → Đóng ngay!
2025-02-28 15:47:22,035 - Phát hiện trình duyệt bị cấm: browser.exe → Đóng ngay!
2025-02-28 15:47:22,040 - Phát hiện trình duyệt bị cấm: browser.exe → Đóng ngay!
2025-02-28 15:47:22,060 - Phát hiện trình duyệt bị cấm: browser.exe → Đóng ngay!
2025-02-28 15:47:22,072 - Phát hiện trình duyệt bị cấm: browser.exe → Đóng ngay!
2025-02-28 15:47:22,073 - Phát hiện trình duyệt bị cấm: browser.exe → Đóng ngay!
2025-02-28 15:47:22,074 - Phát hiện trình duyệt bị cấm: browser.exe → Đóng ngay!
2025-02-28 15:47:22,075 - Phát hiện trình duyệt bị cấm: browser.exe → Đóng ngay!
2025-02-28 15:47:22,075 - Phát hiện trình duyệt bị cấm: browser.exe → Đóng ngay!
2025-02-28 15:47:22,076 - Phát hiện trình duyệt bị cấm: browser.exe → Đóng ngay!
2025-02-28 15:47:22,076 - Phát hiện trình duyệt bị cấm: browser.exe → Đóng ngay!
2025-02-28 15:47:22,076 - Phát hiện trình duyệt bị cấm: browser.exe → Đóng ngay!
2025-02-28 15:47:22,077 - Phát hiện trình duyệt bị cấm: browser.exe → Đóng ngay!
2025-02-28 15:47:22,078 - Phát hiện trình duyệt bị cấm: browser.exe → Đóng ngay!
2025-02-28 15:47:22,078 - Phát hiện trình duyệt bị cấm: browser.exe → Đóng ngay!
2025-02-28 15:47:27,192 - Cập nhật danh sách chặn thành công.
2025-02-28 15:47:32,302 - Cập nhật danh sách chặn thành công.
2025-02-28 15:47:37,400 - Cập nhật danh sách chặn thành công.
2025-02-28 15:47:42,461 - Cập nhật danh sách chặn thành công.
2025-02-28 15:47:47,524 - Cập nhật danh sách chặn thành công.
2025-02-28 15:47:52,575 - Cập nhật danh sách chặn thành công.
2025-02-28 15:47:57,611 - Cập nhật danh sách chặn thành công.
2025-02-28 15:48:02,650 - Cập nhật danh sách chặn thành công.
2025-02-28 15:48:07,697 - Cập nhật danh sách chặn thành công.
2025-02-28 15:48:12,773 - Cập nhật danh sách chặn thành công.
2025-02-28 15:48:17,809 - Cập nhật danh sách chặn thành công.
2025-02-28 15:48:22,838 - Cập nhật danh sách chặn thành công.
2025-02-28 15:48:27,888 - Cập nhật danh sách chặn thành công.
2025-02-28 15:48:32,932 - Cập nhật danh sách chặn thành công.
2025-02-28 15:48:38,022 - Cập nhật danh sách chặn thành công.
2025-02-28 15:48:43,140 - Cập nhật danh sách chặn thành công.
2025-02-28 15:48:48,304 - Cập nhật danh sách chặn thành công.
2025-02-28 15:48:53,368 - Cập nhật danh sách chặn thành công.
2025-02-28 15:49:00,754 - Cập nhật danh sách chặn thành công.
2025-02-28 15:49:00,770 - Cập nhật danh sách chặn thành công.
2025-02-28 15:49:06,566 - Cập nhật danh sách chặn thành công.
2025-02-28 15:49:08,017 - Ghi log URL mới: play.google.com/store/apps/details?id=com.google.android.googlequicksearchbox&hl=vi
2025-02-28 15:49:12,069 - Cập nhật danh sách chặn thành công.
2025-02-28 15:49:17,543 - Cập nhật danh sách chặn thành công.
2025-02-28 15:49:19,250 - Ghi log URL mới: pinterest
2025-02-28 15:49:20,706 - Ghi log URL mới: google.com/search?q=pinterest&rlz=1c1gceb_envn1087vn1087&oq=pin&gs_lcrp=egzjahjvbwuqdwgaeeuyoxidarixaxiabdipcaaqrrg7gimbgledgiaemg8iarbfgdkygweysqmygaqydqgceaaygweysqmygaqydqgdeaaygweysqmygaqydqgeeaaygweysqmygaqybwgfeaaygaqydqggeaaygweysqmygaqybggheeuypnibcdewnzfqmgo3qaiisaib8qwlhrrzbcdoiq&sourceid=chrome&ie=utf-8
2025-02-28 15:49:22,436 - Ghi log URL mới: pinterest.com
2025-02-28 15:49:24,847 - Cập nhật danh sách chặn thành công.
2025-02-28 15:49:30,008 - Cập nhật danh sách chặn thành công.
2025-02-28 15:49:35,106 - Cập nhật danh sách chặn thành công.
2025-02-28 15:49:40,172 - Cập nhật danh sách chặn thành công.
2025-02-28 15:49:41,480 - Phát hiện trang cấm: pinterest.com → Đóng tab & chuyển hướng!
2025-02-28 15:49:42,112 - Đã đóng tab có hwnd: 2167148
2025-02-28 15:49:43,475 - Đã mở trang chuyển hướng: https://medium.com/
2025-02-28 15:49:44,834 - Ghi log URL mới: medium.com
2025-02-28 15:49:47,623 - Phát hiện trang cấm: pinterest.com → Đóng tab & chuyển hướng!
2025-02-28 15:49:48,251 - Đã đóng tab có hwnd: 2167148
2025-02-28 15:49:49,626 - Đã mở trang chuyển hướng: https://medium.com/
2025-02-28 15:49:50,640 - Cập nhật danh sách chặn thành công.
2025-02-28 15:49:54,265 - Ghi log URL mới: localhost:5023
2025-02-28 15:49:57,307 - Cập nhật danh sách chặn thành công.
2025-02-28 15:50:02,370 - Cập nhật danh sách chặn thành công.
2025-03-01 11:20:41,027 - Cập nhật danh sách chặn thành công.
2025-03-01 11:20:41,043 - Cập nhật danh sách chặn thành công.
2025-03-01 11:20:46,991 - Cập nhật danh sách chặn thành công.
2025-03-01 11:20:52,041 - Cập nhật danh sách chặn thành công.
2025-03-01 11:20:58,491 - Cập nhật danh sách chặn thành công.
2025-03-01 11:20:58,756 - Ghi log URL mới: github.com
2025-03-01 11:20:59,371 - Đã đóng tab có hwnd: 985088
2025-03-01 11:21:04,822 - Cập nhật danh sách chặn thành công.
2025-03-01 11:21:09,904 - Cập nhật danh sách chặn thành công.
2025-03-01 11:21:14,953 - Cập nhật danh sách chặn thành công.
2025-03-01 11:21:20,069 - Cập nhật danh sách chặn thành công.
2025-03-01 11:21:20,087 - Cập nhật danh sách chặn thành công.
2025-03-01 11:21:26,752 - Cập nhật danh sách chặn thành công.
2025-03-01 11:21:29,676 - Ghi log URL mới: google.com/search?q=google&rlz=1c1gceb_envn1087vn1087&oq=goo&gs_lcrp=egzjahjvbwuqeagaeaaygwey4wiysqmygaqyeagaeaaygwey4wiysqmygaqyewgbec4ygweyxweysqmy0qmygaqydqgceaaygweysqmygaqybggdeeuyozigcaqqrrhbmgyibrbfgeeybgggeeuyqtigcacqrrg80gehnzuwajbqn6gcclacafeff2y7rxmhw-s&sourceid=chrome&ie=utf-8
2025-03-01 11:21:31,487 - Đã đóng tab có hwnd: 852296
2025-03-01 11:21:32,837 - Đã mở trang chuyển hướng: http://10.0.0.3:8009/
2025-03-01 11:21:36,166 - Cập nhật danh sách chặn thành công.
2025-03-01 11:21:41,966 - Cập nhật danh sách chặn thành công.
2025-03-01 11:21:42,190 - Ghi log URL mới: zalo
2025-03-01 11:21:42,830 - Đã đóng tab có hwnd: 852296
2025-03-01 11:21:44,174 - Đã mở trang chuyển hướng: http://10.0.0.3:8009/
2025-03-01 11:21:46,730 - Ghi log URL mới: truyen
2025-03-01 11:21:47,363 - Đã đóng tab có hwnd: 852296
2025-03-01 11:21:48,720 - Đã mở trang chuyển hướng: http://10.0.0.3:8009/
2025-03-01 11:21:52,081 - Cập nhật danh sách chặn thành công.
2025-03-01 11:21:57,163 - Cập nhật danh sách chặn thành công.
2025-03-01 11:21:58,178 - Đã đóng ứng dụng: Zalo.exe
2025-03-01 11:22:00,342 - Phát hiện trình duyệt bị cấm: browser.exe → Đóng ngay!
2025-03-01 11:22:00,342 - Phát hiện trình duyệt bị cấm: browser.exe → Đóng ngay!
2025-03-01 11:22:00,342 - Phát hiện trình duyệt bị cấm: browser.exe → Đóng ngay!
2025-03-01 11:22:00,342 - Phát hiện trình duyệt bị cấm: browser.exe → Đóng ngay!
2025-03-01 11:22:00,342 - Phát hiện trình duyệt bị cấm: browser.exe → Đóng ngay!
2025-03-01 11:22:00,342 - Phát hiện trình duyệt bị cấm: browser.exe → Đóng ngay!
2025-03-01 11:22:00,342 - Phát hiện trình duyệt bị cấm: browser.exe → Đóng ngay!
2025-03-01 11:22:00,342 - Phát hiện trình duyệt bị cấm: browser.exe → Đóng ngay!
2025-03-01 11:22:00,358 - Phát hiện trình duyệt bị cấm: browser.exe → Đóng ngay!
2025-03-01 11:22:00,358 - Phát hiện trình duyệt bị cấm: browser.exe → Đóng ngay!
2025-03-01 11:22:00,358 - Phát hiện trình duyệt bị cấm: browser.exe → Đóng ngay!
2025-03-01 11:22:00,402 - Phát hiện trình duyệt bị cấm: browser.exe → Đóng ngay!
2025-03-01 11:38:07,341 - Cập nhật danh sách chặn thành công.
2025-03-01 11:38:07,356 - Cập nhật danh sách chặn thành công.
2025-03-01 11:38:07,484 - Phát hiện trình duyệt bị cấm: browser.exe → Đóng ngay!
2025-03-01 11:38:07,611 - Phát hiện trình duyệt bị cấm: browser.exe → Đóng ngay!
2025-03-01 11:38:07,656 - Phát hiện trình duyệt bị cấm: browser.exe → Đóng ngay!
2025-03-01 11:38:07,734 - Phát hiện trình duyệt bị cấm: browser.exe → Đóng ngay!
2025-03-01 11:38:07,773 - Phát hiện trình duyệt bị cấm: browser.exe → Đóng ngay!
2025-03-01 11:38:08,010 - Phát hiện trình duyệt bị cấm: browser.exe → Đóng ngay!
2025-03-01 11:38:08,054 - Phát hiện trình duyệt bị cấm: browser.exe → Đóng ngay!
2025-03-01 11:38:08,064 - Phát hiện trình duyệt bị cấm: browser.exe → Đóng ngay!
2025-03-01 11:38:08,064 - Phát hiện trình duyệt bị cấm: browser.exe → Đóng ngay!
2025-03-01 11:38:08,069 - Phát hiện trình duyệt bị cấm: browser.exe → Đóng ngay!
2025-03-01 11:38:08,119 - Phát hiện trình duyệt bị cấm: browser.exe → Đóng ngay!
2025-03-01 11:38:08,119 - Phát hiện trình duyệt bị cấm: browser.exe → Đóng ngay!
2025-03-01 11:38:08,119 - Phát hiện trình duyệt bị cấm: browser.exe → Đóng ngay!
2025-03-01 11:38:08,141 - Phát hiện trình duyệt bị cấm: browser.exe → Đóng ngay!
2025-03-01 11:38:08,238 - Phát hiện trình duyệt bị cấm: browser.exe → Đóng ngay!
2025-03-01 11:38:08,253 - Phát hiện trình duyệt bị cấm: browser.exe → Đóng ngay!
2025-03-01 11:38:08,269 - Phát hiện trình duyệt bị cấm: browser.exe → Đóng ngay!
2025-03-01 11:38:08,300 - Phát hiện trình duyệt bị cấm: browser.exe → Đóng ngay!
2025-03-01 11:38:08,316 - Phát hiện trình duyệt bị cấm: browser.exe → Đóng ngay!
2025-03-01 11:38:08,331 - Phát hiện trình duyệt bị cấm: browser.exe → Đóng ngay!
2025-03-01 11:38:08,347 - Phát hiện trình duyệt bị cấm: browser.exe → Đóng ngay!
2025-03-01 11:38:08,363 - Phát hiện trình duyệt bị cấm: browser.exe → Đóng ngay!
2025-03-01 11:38:08,363 - Phát hiện trình duyệt bị cấm: browser.exe → Đóng ngay!
2025-03-01 11:38:08,378 - Phát hiện trình duyệt bị cấm: browser.exe → Đóng ngay!
2025-03-01 11:38:08,378 - Phát hiện trình duyệt bị cấm: browser.exe → Đóng ngay!
2025-03-01 11:38:08,394 - Phát hiện trình duyệt bị cấm: browser.exe → Đóng ngay!
2025-03-01 11:38:08,409 - Phát hiện trình duyệt bị cấm: browser.exe → Đóng ngay!
2025-03-01 11:38:08,425 - Phát hiện trình duyệt bị cấm: browser.exe → Đóng ngay!
2025-03-01 11:38:08,441 - Phát hiện trình duyệt bị cấm: browser.exe → Đóng ngay!
2025-03-01 11:38:08,472 - Phát hiện trình duyệt bị cấm: browser.exe → Đóng ngay!
2025-03-01 11:38:08,488 - Phát hiện trình duyệt bị cấm: browser.exe → Đóng ngay!
2025-03-01 11:38:08,488 - Phát hiện trình duyệt bị cấm: browser.exe → Đóng ngay!
2025-03-01 11:38:08,519 - Phát hiện trình duyệt bị cấm: browser.exe → Đóng ngay!
2025-03-01 11:38:08,534 - Phát hiện trình duyệt bị cấm: browser.exe → Đóng ngay!
2025-03-01 11:38:08,534 - Phát hiện trình duyệt bị cấm: browser.exe → Đóng ngay!
2025-03-01 11:38:13,608 - Cập nhật danh sách chặn thành công.
2025-03-01 11:38:18,768 - Cập nhật danh sách chặn thành công.
2025-03-01 11:38:23,851 - Cập nhật danh sách chặn thành công.
2025-03-01 11:38:28,908 - Cập nhật danh sách chặn thành công.
2025-03-01 11:38:33,986 - Cập nhật danh sách chặn thành công.
2025-03-01 11:38:39,052 - Cập nhật danh sách chặn thành công.
2025-03-01 11:38:44,132 - Cập nhật danh sách chặn thành công.
2025-03-01 11:38:49,172 - Cập nhật danh sách chặn thành công.
2025-03-01 11:38:54,231 - Cập nhật danh sách chặn thành công.
2025-03-01 11:38:59,337 - Cập nhật danh sách chặn thành công.
2025-03-01 11:39:04,411 - Cập nhật danh sách chặn thành công.
2025-03-01 11:39:09,483 - Cập nhật danh sách chặn thành công.
2025-03-01 11:39:51,619 - Cập nhật danh sách chặn thành công.
2025-03-01 11:39:51,634 - Cập nhật danh sách chặn thành công.
2025-03-01 11:39:54,741 - Phát hiện trình duyệt bị cấm: browser.exe → Đóng ngay!
2025-03-01 11:39:54,741 - Phát hiện trình duyệt bị cấm: browser.exe → Đóng ngay!
2025-03-01 11:39:57,754 - Cập nhật danh sách chặn thành công.
2025-03-01 12:19:30,974 - Cập nhật danh sách chặn thành công.
2025-03-01 12:20:21,869 - Cập nhật danh sách chặn thành công.
2025-03-01 12:21:24,923 - Cập nhật danh sách chặn thành công.
2025-03-01 12:45:00,585 - Cập nhật danh sách chặn thành công.
2025-03-01 12:45:00,725 - Phát hiện trình duyệt bị cấm: browser.exe → Đóng ngay!
2025-03-01 12:45:00,756 - Phát hiện trình duyệt bị cấm: browser.exe → Đóng ngay!
2025-03-01 12:45:00,828 - Phát hiện trình duyệt bị cấm: browser.exe → Đóng ngay!
2025-03-01 12:45:00,860 - Phát hiện trình duyệt bị cấm: browser.exe → Đóng ngay!
2025-03-01 12:45:01,157 - Phát hiện trình duyệt bị cấm: browser.exe → Đóng ngay!
2025-03-01 12:45:01,227 - Phát hiện trình duyệt bị cấm: browser.exe → Đóng ngay!
2025-03-01 12:45:01,247 - Phát hiện trình duyệt bị cấm: browser.exe → Đóng ngay!
2025-03-01 12:45:01,266 - Phát hiện trình duyệt bị cấm: browser.exe → Đóng ngay!
2025-03-01 12:45:01,304 - Phát hiện trình duyệt bị cấm: browser.exe → Đóng ngay!
2025-03-01 12:45:01,377 - Phát hiện trình duyệt bị cấm: browser.exe → Đóng ngay!
2025-03-01 12:45:01,452 - Phát hiện trình duyệt bị cấm: browser.exe → Đóng ngay!
2025-03-01 12:45:01,473 - Phát hiện trình duyệt bị cấm: browser.exe → Đóng ngay!
2025-03-01 12:45:01,543 - Phát hiện trình duyệt bị cấm: browser.exe → Đóng ngay!
2025-03-01 12:45:01,543 - Phát hiện trình duyệt bị cấm: browser.exe → Đóng ngay!
2025-03-01 12:45:01,543 - Phát hiện trình duyệt bị cấm: browser.exe → Đóng ngay!
2025-03-01 12:45:01,590 - Phát hiện trình duyệt bị cấm: browser.exe → Đóng ngay!
2025-03-01 12:45:01,606 - Phát hiện trình duyệt bị cấm: browser.exe → Đóng ngay!
2025-03-01 12:45:01,621 - Phát hiện trình duyệt bị cấm: browser.exe → Đóng ngay!
2025-03-01 12:45:01,653 - Phát hiện trình duyệt bị cấm: browser.exe → Đóng ngay!
2025-03-01 12:45:01,699 - Phát hiện trình duyệt bị cấm: browser.exe → Đóng ngay!
2025-03-01 12:45:01,715 - Phát hiện trình duyệt bị cấm: browser.exe → Đóng ngay!
2025-03-01 12:45:01,731 - Phát hiện trình duyệt bị cấm: browser.exe → Đóng ngay!
2025-03-01 12:45:01,731 - Phát hiện trình duyệt bị cấm: browser.exe → Đóng ngay!
2025-03-01 12:45:01,731 - Phát hiện trình duyệt bị cấm: browser.exe → Đóng ngay!
2025-03-01 12:45:01,731 - Phát hiện trình duyệt bị cấm: browser.exe → Đóng ngay!
2025-03-01 12:45:01,731 - Phát hiện trình duyệt bị cấm: browser.exe → Đóng ngay!
2025-03-01 12:45:06,764 - Cập nhật danh sách chặn thành công.
2025-03-01 12:45:11,780 - Cập nhật danh sách chặn thành công.
2025-03-01 12:45:16,828 - Cập nhật danh sách chặn thành công.
2025-03-01 12:45:21,861 - Cập nhật danh sách chặn thành công.
2025-03-01 12:45:26,910 - Cập nhật danh sách chặn thành công.
2025-03-01 12:45:31,974 - Cập nhật danh sách chặn thành công.
2025-03-01 12:45:36,991 - Cập nhật danh sách chặn thành công.
2025-03-01 12:45:42,008 - Cập nhật danh sách chặn thành công.
2025-03-01 12:45:47,025 - Cập nhật danh sách chặn thành công.
2025-03-01 12:45:52,042 - Cập nhật danh sách chặn thành công.
2025-03-01 12:45:57,105 - Cập nhật danh sách chặn thành công.
2025-03-01 12:46:02,138 - Cập nhật danh sách chặn thành công.
2025-03-01 12:46:07,155 - Cập nhật danh sách chặn thành công.
2025-03-01 12:46:12,172 - Cập nhật danh sách chặn thành công.
2025-03-01 12:46:17,189 - Cập nhật danh sách chặn thành công.
2025-03-01 12:46:22,332 - Cập nhật danh sách chặn thành công.
2025-03-01 12:46:27,380 - Cập nhật danh sách chặn thành công.
2025-03-01 12:46:32,397 - Cập nhật danh sách chặn thành công.
2025-03-01 12:46:37,414 - Cập nhật danh sách chặn thành công.
2025-03-01 12:46:42,493 - Cập nhật danh sách chặn thành công.
2025-03-01 12:46:47,562 - Cập nhật danh sách chặn thành công.
2025-03-01 12:46:49,785 - Phát hiện trình duyệt bị cấm: browser.exe → Đóng ngay!
2025-03-01 12:46:49,786 - Phát hiện trình duyệt bị cấm: browser.exe → Đóng ngay!
2025-03-01 12:46:49,820 - Phát hiện trình duyệt bị cấm: browser.exe → Đóng ngay!
2025-03-01 12:46:49,820 - Phát hiện trình duyệt bị cấm: browser.exe → Đóng ngay!
2025-03-01 12:46:49,820 - Phát hiện trình duyệt bị cấm: browser.exe → Đóng ngay!
2025-03-01 12:46:49,820 - Phát hiện trình duyệt bị cấm: browser.exe → Đóng ngay!
2025-03-01 12:46:49,820 - Phát hiện trình duyệt bị cấm: browser.exe → Đóng ngay!
2025-03-01 12:46:49,820 - Phát hiện trình duyệt bị cấm: browser.exe → Đóng ngay!
2025-03-01 12:46:49,820 - Phát hiện trình duyệt bị cấm: browser.exe → Đóng ngay!
2025-03-01 12:46:49,820 - Phát hiện trình duyệt bị cấm: browser.exe → Đóng ngay!
2025-03-01 12:46:49,836 - Phát hiện trình duyệt bị cấm: browser.exe → Đóng ngay!
2025-03-01 12:46:49,836 - Phát hiện trình duyệt bị cấm: browser.exe → Đóng ngay!
2025-03-01 12:46:52,851 - Cập nhật danh sách chặn thành công.
